// Jest Snapshot v1, https://goo.gl/fbAQLP

exports[`Searchbox Snapshot renders correctly 1`] = `
<SearchBox>
  <Col
    md={3}
  >
    <div
      className="col-md-3"
    >
      <input
        name="filter"
        placeholder="search products"
        type="search"
      />
    </div>
  </Col>
</SearchBox>
`;
